// Jest Snapshot v1, https://goo.gl/fbAQLP

exports[`SplashScreen create snapshot SplashScreen 1`] = `
<View
  style={
    Object {
      "alignItems": "center",
      "flex": 1,
      "justifyContent": "center",
    }
  }
>
  <Image
    source={
      Object {
        "testUri": "../../../src/assets/images/splash_logo.png",
      }
    }
  />
</View>
`;
